3 2
4617949,1170959,
4692378,1189826,
5823291,1476699,